Archive member included to satisfy reference by file (symbol)

/opt/st/stm32cubeide_1.15.0/plugins/com.st.stm32cube.ide.mcu.externaltools.gnu-tools-for-stm32.12.3.rel1.linux64_1.0.100.202403111256/tools/bin/../lib/gcc/arm-none-eabi/12.3.1/../../../../arm-none-eabi/lib/thumb/v6-m/nofp/libc_nano.a(libc_a-exit.o)
                              /opt/st/stm32cubeide_1.15.0/plugins/com.st.stm32cube.ide.mcu.externaltools.gnu-tools-for-stm32.12.3.rel1.linux64_1.0.100.202403111256/tools/bin/../lib/gcc/arm-none-eabi/12.3.1/../../../../arm-none-eabi/lib/thumb/v6-m/nofp/crt0.o (exit)
/opt/st/stm32cubeide_1.15.0/plugins/com.st.stm32cube.ide.mcu.externaltools.gnu-tools-for-stm32.12.3.rel1.linux64_1.0.100.202403111256/tools/bin/../lib/gcc/arm-none-eabi/12.3.1/../../../../arm-none-eabi/lib/thumb/v6-m/nofp/libc_nano.a(libc_a-findfp.o)
                              /opt/st/stm32cubeide_1.15.0/plugins/com.st.stm32cube.ide.mcu.externaltools.gnu-tools-for-stm32.12.3.rel1.linux64_1.0.100.202403111256/tools/bin/../lib/gcc/arm-none-eabi/12.3.1/../../../../arm-none-eabi/lib/thumb/v6-m/nofp/libc_nano.a(libc_a-exit.o) (__stdio_exit_handler)
/opt/st/stm32cubeide_1.15.0/plugins/com.st.stm32cube.ide.mcu.externaltools.gnu-tools-for-stm32.12.3.rel1.linux64_1.0.100.202403111256/tools/bin/../lib/gcc/arm-none-eabi/12.3.1/../../../../arm-none-eabi/lib/thumb/v6-m/nofp/libc_nano.a(libc_a-fwalk.o)
                              /opt/st/stm32cubeide_1.15.0/plugins/com.st.stm32cube.ide.mcu.externaltools.gnu-tools-for-stm32.12.3.rel1.linux64_1.0.100.202403111256/tools/bin/../lib/gcc/arm-none-eabi/12.3.1/../../../../arm-none-eabi/lib/thumb/v6-m/nofp/libc_nano.a(libc_a-findfp.o) (_fwalk_sglue)
/opt/st/stm32cubeide_1.15.0/plugins/com.st.stm32cube.ide.mcu.externaltools.gnu-tools-for-stm32.12.3.rel1.linux64_1.0.100.202403111256/tools/bin/../lib/gcc/arm-none-eabi/12.3.1/../../../../arm-none-eabi/lib/thumb/v6-m/nofp/libc_nano.a(libc_a-stdio.o)
                              /opt/st/stm32cubeide_1.15.0/plugins/com.st.stm32cube.ide.mcu.externaltools.gnu-tools-for-stm32.12.3.rel1.linux64_1.0.100.202403111256/tools/bin/../lib/gcc/arm-none-eabi/12.3.1/../../../../arm-none-eabi/lib/thumb/v6-m/nofp/libc_nano.a(libc_a-findfp.o) (__sread)
/opt/st/stm32cubeide_1.15.0/plugins/com.st.stm32cube.ide.mcu.externaltools.gnu-tools-for-stm32.12.3.rel1.linux64_1.0.100.202403111256/tools/bin/../lib/gcc/arm-none-eabi/12.3.1/../../../../arm-none-eabi/lib/thumb/v6-m/nofp/libc_nano.a(libc_a-memset.o)
                              /opt/st/stm32cubeide_1.15.0/plugins/com.st.stm32cube.ide.mcu.externaltools.gnu-tools-for-stm32.12.3.rel1.linux64_1.0.100.202403111256/tools/bin/../lib/gcc/arm-none-eabi/12.3.1/../../../../arm-none-eabi/lib/thumb/v6-m/nofp/crt0.o (memset)
/opt/st/stm32cubeide_1.15.0/plugins/com.st.stm32cube.ide.mcu.externaltools.gnu-tools-for-stm32.12.3.rel1.linux64_1.0.100.202403111256/tools/bin/../lib/gcc/arm-none-eabi/12.3.1/../../../../arm-none-eabi/lib/thumb/v6-m/nofp/libc_nano.a(libc_a-strncpy.o)
                              ./Core/Src/sh1106.o (strncpy)
/opt/st/stm32cubeide_1.15.0/plugins/com.st.stm32cube.ide.mcu.externaltools.gnu-tools-for-stm32.12.3.rel1.linux64_1.0.100.202403111256/tools/bin/../lib/gcc/arm-none-eabi/12.3.1/../../../../arm-none-eabi/lib/thumb/v6-m/nofp/libc_nano.a(libc_a-strtok.o)
                              ./Core/Src/sh1106.o (strtok)
/opt/st/stm32cubeide_1.15.0/plugins/com.st.stm32cube.ide.mcu.externaltools.gnu-tools-for-stm32.12.3.rel1.linux64_1.0.100.202403111256/tools/bin/../lib/gcc/arm-none-eabi/12.3.1/../../../../arm-none-eabi/lib/thumb/v6-m/nofp/libc_nano.a(libc_a-strtok_r.o)
                              /opt/st/stm32cubeide_1.15.0/plugins/com.st.stm32cube.ide.mcu.externaltools.gnu-tools-for-stm32.12.3.rel1.linux64_1.0.100.202403111256/tools/bin/../lib/gcc/arm-none-eabi/12.3.1/../../../../arm-none-eabi/lib/thumb/v6-m/nofp/libc_nano.a(libc_a-strtok.o) (__strtok_r)
/opt/st/stm32cubeide_1.15.0/plugins/com.st.stm32cube.ide.mcu.externaltools.gnu-tools-for-stm32.12.3.rel1.linux64_1.0.100.202403111256/tools/bin/../lib/gcc/arm-none-eabi/12.3.1/../../../../arm-none-eabi/lib/thumb/v6-m/nofp/libc_nano.a(libc_a-closer.o)
                              /opt/st/stm32cubeide_1.15.0/plugins/com.st.stm32cube.ide.mcu.externaltools.gnu-tools-for-stm32.12.3.rel1.linux64_1.0.100.202403111256/tools/bin/../lib/gcc/arm-none-eabi/12.3.1/../../../../arm-none-eabi/lib/thumb/v6-m/nofp/libc_nano.a(libc_a-stdio.o) (_close_r)
/opt/st/stm32cubeide_1.15.0/plugins/com.st.stm32cube.ide.mcu.externaltools.gnu-tools-for-stm32.12.3.rel1.linux64_1.0.100.202403111256/tools/bin/../lib/gcc/arm-none-eabi/12.3.1/../../../../arm-none-eabi/lib/thumb/v6-m/nofp/libc_nano.a(libc_a-reent.o)
                              /opt/st/stm32cubeide_1.15.0/plugins/com.st.stm32cube.ide.mcu.externaltools.gnu-tools-for-stm32.12.3.rel1.linux64_1.0.100.202403111256/tools/bin/../lib/gcc/arm-none-eabi/12.3.1/../../../../arm-none-eabi/lib/thumb/v6-m/nofp/libc_nano.a(libc_a-closer.o) (errno)
[...]
Memory Configuration

Name             Origin             Length             Attributes
RAM              0x20000000         0x00002000         xrw
FLASH            0x08000000         0x00010000         xr
*default*        0x00000000         0xffffffff

Linker script and memory map

LOAD /opt/st/stm32cubeide_1.15.0/plugins/com.st.stm32cube.ide.mcu.externaltools.gnu-tools-for-stm32.12.3.rel1.linux64_1.0.100.202403111256/tools/bin/../lib/gcc/arm-none-eabi/12.3.1/thumb/v6-m/nofp/crti.o
LOAD /opt/st/stm32cubeide_1.15.0/plugins/com.st.stm32cube.ide.mcu.externaltools.gnu-tools-for-stm32.12.3.rel1.linux64_1.0.100.202403111256/tools/bin/../lib/gcc/arm-none-eabi/12.3.1/thumb/v6-m/nofp/crtbegin.o
LOAD /opt/st/stm32cubeide_1.15.0/plugins/com.st.stm32cube.ide.mcu.externaltools.gnu-tools-for-stm32.12.3.rel1.linux64_1.0.100.202403111256/tools/bin/../lib/gcc/arm-none-eabi/12.3.1/../../../../arm-none-eabi/lib/thumb/v6-m/nofp/crt0.o
LOAD ./Core/Font/minecraft_condensed.o
LOAD ./Core/Src/main.o
LOAD ./Core/Src/sh1106.o
LOAD ./Core/Src/stm32f0xx_hal_msp.o
LOAD ./Core/Src/stm32f0xx_it.o
LOAD ./Core/Src/syscalls.o
LOAD ./Core/Src/sysmem.o
LOAD ./Core/Src/system_stm32f0xx.o
LOAD ./Core/Startup/startup_stm32f030r8tx.o
LOAD ./Drivers/STM32F0xx_HAL_Driver/Src/stm32f0xx_hal.o
LOAD ./Drivers/STM32F0xx_HAL_Driver/Src/stm32f0xx_hal_cortex.o
LOAD ./Drivers/STM32F0xx_HAL_Driver/Src/stm32f0xx_hal_dma.o
LOAD ./Drivers/STM32F0xx_HAL_Driver/Src/stm32f0xx_hal_exti.o
LOAD ./Drivers/STM32F0xx_HAL_Driver/Src/stm32f0xx_hal_flash.o
LOAD ./Drivers/STM32F0xx_HAL_Driver/Src/stm32f0xx_hal_flash_ex.o
LOAD ./Drivers/STM32F0xx_HAL_Driver/Src/stm32f0xx_hal_gpio.o
LOAD ./Drivers/STM32F0xx_HAL_Driver/Src/stm32f0xx_hal_i2c.o
LOAD ./Drivers/STM32F0xx_HAL_Driver/Src/stm32f0xx_hal_i2c_ex.o
LOAD ./Drivers/STM32F0xx_HAL_Driver/Src/stm32f0xx_hal_pwr.o
LOAD ./Drivers/STM32F0xx_HAL_Driver/Src/stm32f0xx_hal_pwr_ex.o
LOAD ./Drivers/STM32F0xx_HAL_Driver/Src/stm32f0xx_hal_rcc.o
LOAD ./Drivers/STM32F0xx_HAL_Driver/Src/stm32f0xx_hal_rcc_ex.o
LOAD ./Drivers/STM32F0xx_HAL_Driver/Src/stm32f0xx_hal_tim.o
LOAD ./Drivers/STM32F0xx_HAL_Driver/Src/stm32f0xx_hal_tim_ex.o
START GROUP
LOAD /opt/st/stm32cubeide_1.15.0/plugins/com.st.stm32cube.ide.mcu.externaltools.gnu-tools-for-stm32.12.3.rel1.linux64_1.0.100.202403111256/tools/bin/../lib/gcc/arm-none-eabi/12.3.1/../../../../arm-none-eabi/lib/thumb/v6-m/nofp/libc_nano.a
LOAD /opt/st/stm32cubeide_1.15.0/plugins/com.st.stm32cube.ide.mcu.externaltools.gnu-tools-for-stm32.12.3.rel1.linux64_1.0.100.202403111256/tools/bin/../lib/gcc/arm-none-eabi/12.3.1/../../../../arm-none-eabi/lib/thumb/v6-m/nofp/libm.a
END GROUP
START GROUP
LOAD /opt/st/stm32cubeide_1.15.0/plugins/com.st.stm32cube.ide.mcu.externaltools.gnu-tools-for-stm32.12.3.rel1.linux64_1.0.100.202403111256/tools/bin/../lib/gcc/arm-none-eabi/12.3.1/thumb/v6-m/nofp/libgcc.a
LOAD /opt/st/stm32cubeide_1.15.0/plugins/com.st.stm32cube.ide.mcu.externaltools.gnu-tools-for-stm32.12.3.rel1.linux64_1.0.100.202403111256/tools/bin/../lib/gcc/arm-none-eabi/12.3.1/../../../../arm-none-eabi/lib/thumb/v6-m/nofp/libc_nano.a
END GROUP
START GROUP
LOAD /opt/st/stm32cubeide_1.15.0/plugins/com.st.stm32cube.ide.mcu.externaltools.gnu-tools-for-stm32.12.3.rel1.linux64_1.0.100.202403111256/tools/bin/../lib/gcc/arm-none-eabi/12.3.1/thumb/v6-m/nofp/libgcc.a
LOAD /opt/st/stm32cubeide_1.15.0/plugins/com.st.stm32cube.ide.mcu.externaltools.gnu-tools-for-stm32.12.3.rel1.linux64_1.0.100.202403111256/tools/bin/../lib/gcc/arm-none-eabi/12.3.1/../../../../arm-none-eabi/lib/thumb/v6-m/nofp/libc_nano.a
LOAD /opt/st/stm32cubeide_1.15.0/plugins/com.st.stm32cube.ide.mcu.externaltools.gnu-tools-for-stm32.12.3.rel1.linux64_1.0.100.202403111256/tools/bin/../lib/gcc/arm-none-eabi/12.3.1/../../../../arm-none-eabi/lib/thumb/v6-m/nofp/libnosys.a
END GROUP
START GROUP
LOAD /opt/st/stm32cubeide_1.15.0/plugins/com.st.stm32cube.ide.mcu.externaltools.gnu-tools-for-stm32.12.3.rel1.linux64_1.0.100.202403111256/tools/bin/../lib/gcc/arm-none-eabi/12.3.1/thumb/v6-m/nofp/libgcc.a
LOAD /opt/st/stm32cubeide_1.15.0/plugins/com.st.stm32cube.ide.mcu.externaltools.gnu-tools-for-stm32.12.3.rel1.linux64_1.0.100.202403111256/tools/bin/../lib/gcc/arm-none-eabi/12.3.1/../../../../arm-none-eabi/lib/thumb/v6-m/nofp/libc_nano.a
LOAD /opt/st/stm32cubeide_1.15.0/plugins/com.st.stm32cube.ide.mcu.externaltools.gnu-tools-for-stm32.12.3.rel1.linux64_1.0.100.202403111256/tools/bin/../lib/gcc/arm-none-eabi/12.3.1/../../../../arm-none-eabi/lib/thumb/v6-m/nofp/libnosys.a
END GROUP
LOAD /opt/st/stm32cubeide_1.15.0/plugins/com.st.stm32cube.ide.mcu.externaltools.gnu-tools-for-stm32.12.3.rel1.linux64_1.0.100.202403111256/tools/bin/../lib/gcc/arm-none-eabi/12.3.1/thumb/v6-m/nofp/crtend.o
LOAD /opt/st/stm32cubeide_1.15.0/plugins/com.st.stm32cube.ide.mcu.externaltools.gnu-tools-for-stm32.12.3.rel1.linux64_1.0.100.202403111256/tools/bin/../lib/gcc/arm-none-eabi/12.3.1/thumb/v6-m/nofp/crtn.o
                0x20002000                        _estack = (ORIGIN (RAM) + LENGTH (RAM))
                0x00000200                        _Min_Heap_Size = 0x200
                0x00000400                        _Min_Stack_Size = 0x400

.isr_vector     0x08000000       0xc0
                0x08000000                        . = ALIGN (0x4)
 *(.isr_vector)
 .isr_vector    0x08000000       0xc0 ./Core/Startup/startup_stm32f030r8tx.o
                0x08000000                g_pfnVectors
                0x080000c0                        . = ALIGN (0x4)

.text           0x080000c0     0x3248
                0x080000c0                        . = ALIGN (0x4)
 *(.text)
 .text          0x080000c0       0x48 /opt/st/stm32cubeide_1.15.0/plugins/com.st.stm32cube.ide.mcu.externaltools.gnu-tools-for-stm32.12.3.rel1.linux64_1.0.100.202403111256/tools/bin/../lib/gcc/arm-none-eabi/12.3.1/thumb/v6-m/nofp/crtbegin.o
 .text          0x08000108      0x114 /opt/st/stm32cubeide_1.15.0/plugins/com.st.stm32cube.ide.mcu.externaltools.gnu-tools-for-stm32.12.3.rel1.linux64_1.0.100.202403111256/tools/bin/../lib/gcc/arm-none-eabi/12.3.1/thumb/v6-m/nofp/libgcc.a(_udivsi3.o)
                0x08000108                __udivsi3
                0x08000108                __aeabi_uidiv
                0x08000214                __aeabi_uidivmod
 .text          0x0800021c        0x4 /opt/st/stm32cubeide_1.15.0/plugins/com.st.stm32cube.ide.mcu.externaltools.gnu-tools-for-stm32.12.3.rel1.linux64_1.0.100.202403111256/tools/bin/../lib/gcc/arm-none-eabi/12.3.1/thumb/v6-m/nofp/libgcc.a(_dvmd_tls.o)
                0x0800021c                __aeabi_ldiv0
                0x0800021c                __aeabi_idiv0
 *(.text*)
 .text.main     0x08000220       0x64 ./Core/Src/main.o
                0x08000220                main
 .text.SystemClock_Config
                0x08000284       0xae ./Core/Src/main.o
                0x08000284                SystemClock_Config
 *fill*         0x08000332        0x2 
 .text.MX_I2C1_Init
                0x08000334       0x80 ./Core/Src/main.o
 .text.MX_DMA_Init
                0x080003b4       0x3c ./Core/Src/main.o
 .text.MX_GPIO_Init
                0x080003f0       0x30 ./Core/Src/main.o
 .text.Error_Handler
                0x08000420        0xc ./Core/Src/main.o
                0x08000420                Error_Handler
 .text.SH1106_CALL_HAL_I2C_Transmit
                0x0800042c       0x40 ./Core/Src/sh1106.o
                0x0800042c                SH1106_CALL_HAL_I2C_Transmit
 .text.SH1106_Init
                0x0800046c       0x58 ./Core/Src/sh1106.o
                0x0800046c                SH1106_Init
 .text.SH1106_Display_On
                0x080004c4       0x28 ./Core/Src/sh1106.o
                0x080004c4                SH1106_Display_On
 .text.SH1106_Display_Clear
                0x080004ec       0x62 ./Core/Src/sh1106.o
                0x080004ec                SH1106_Display_Clear
 *fill*         0x0800054e        0x2 
 .text.SH1106_Set_Cursor
                0x08000550       0x44 ./Core/Src/sh1106.o
                0x08000550                SH1106_Set_Cursor
 .text.SH1106_Set_Page_Address
                0x08000594       0x4c ./Core/Src/sh1106.o
                0x08000594                SH1106_Set_Page_Address
 .text.SH1106_Set_Column_Address
                0x080005e0       0x84 ./Core/Src/sh1106.o
                0x080005e0                SH1106_Set_Column_Address
 .text.SH1106_Set_Page_And_Column_Address
                0x08000664       0x48 ./Core/Src/sh1106.o
                0x08000664                SH1106_Set_Page_And_Column_Address
 .text.SH1106_Transmit_Data
                0x080006ac       0x32 ./Core/Src/sh1106.o
                0x080006ac                SH1106_Transmit_Data
 .text.SH1106_Draw_Line
                0x080006de      0x1a8 ./Core/Src/sh1106.o
                0x080006de                SH1106_Draw_Line
 *fill*         0x08000886        0x2 
 .text.HAL_MspInit
                0x08000888       0x48 ./Core/Src/stm32f0xx_hal_msp.o
                0x08000888                HAL_MspInit
 .text.HAL_I2C_MspInit
                0x080008d0      0x100 ./Core/Src/stm32f0xx_hal_msp.o
                0x080008d0                HAL_I2C_MspInit
 .text.NMI_Handler
                0x080009d0        0x8 ./Core/Src/stm32f0xx_it.o
                0x080009d0                NMI_Handler
 .text.HardFault_Handler
                0x080009d8        0x8 ./Core/Src/stm32f0xx_it.o
                0x080009d8                HardFault_Handler
 .text.SVC_Handler
                0x080009e0        0xa ./Core/Src/stm32f0xx_it.o
                0x080009e0                SVC_Handler
 .text.PendSV_Handler
                0x080009ea        0xa ./Core/Src/stm32f0xx_it.o
                0x080009ea                PendSV_Handler
 .text.SysTick_Handler
                0x080009f4        0xe ./Core/Src/stm32f0xx_it.o
                0x080009f4                SysTick_Handler
 *fill*         0x08000a02        0x2 
 .text.DMA1_Channel2_3_IRQHandler
                0x08000a04       0x18 ./Core/Src/stm32f0xx_it.o
                0x08000a04                DMA1_Channel2_3_IRQHandler
 .text.I2C1_IRQHandler
                0x08000a1c       0x30 ./Core/Src/stm32f0xx_it.o
                0x08000a1c                I2C1_IRQHandler
 .text.SystemInit
                0x08000a4c        0xa ./Core/Src/system_stm32f0xx.o
                0x08000a4c                SystemInit
 *fill*         0x08000a56        0x2 
 .text.Reset_Handler
                0x08000a58       0x50 ./Core/Startup/startup_stm32f030r8tx.o
                0x08000a58                Reset_Handler
 .text.Default_Handler
                0x08000aa8        0x2 ./Core/Startup/startup_stm32f030r8tx.o
                0x08000aa8                TIM1_CC_IRQHandler
                0x08000aa8                TIM6_IRQHandler
                0x08000aa8                SPI1_IRQHandler
                0x08000aa8                EXTI2_3_IRQHandler
                0x08000aa8                ADC1_IRQHandler
                0x08000aa8                I2C2_IRQHandler
                0x08000aa8                TIM17_IRQHandler
                0x08000aa8                RTC_IRQHandler
                0x08000aa8                TIM16_IRQHandler
                0x08000aa8                TIM3_IRQHandler
                0x08000aa8                EXTI4_15_IRQHandler
                0x08000aa8                RCC_IRQHandler
                0x08000aa8                DMA1_Channel1_IRQHandler
                0x08000aa8                Default_Handler
                0x08000aa8                TIM14_IRQHandler
                0x08000aa8                DMA1_Channel4_5_IRQHandler
                0x08000aa8                TIM15_IRQHandler
                0x08000aa8                EXTI0_1_IRQHandler
                0x08000aa8                SPI2_IRQHandler
                0x08000aa8                WWDG_IRQHandler
                0x08000aa8                USART2_IRQHandler
                0x08000aa8                FLASH_IRQHandler
                0x08000aa8                USART1_IRQHandler
                0x08000aa8                TIM1_BRK_UP_TRG_COM_IRQHandler
 *fill*         0x08000aaa        0x2 
 .text.HAL_Init
                0x08000aac       0x28 ./Drivers/STM32F0xx_HAL_Driver/Src/stm32f0xx_hal.o
                0x08000aac                HAL_Init
 .text.HAL_InitTick
                0x08000ad4       0x68 ./Drivers/STM32F0xx_HAL_Driver/Src/stm32f0xx_hal.o
                0x08000ad4                HAL_InitTick
 .text.HAL_IncTick
                0x08000b3c       0x24 ./Drivers/STM32F0xx_HAL_Driver/Src/stm32f0xx_hal.o
                0x08000b3c                HAL_IncTick
 .text.HAL_GetTick
                0x08000b60       0x14 ./Drivers/STM32F0xx_HAL_Driver/Src/stm32f0xx_hal.o
                0x08000b60                HAL_GetTick
 .text.__NVIC_EnableIRQ
                0x08000b74       0x34 ./Drivers/STM32F0xx_HAL_Driver/Src/stm32f0xx_hal_cortex.o
 .text.__NVIC_SetPriority
                0x08000ba8       0xdc ./Drivers/STM32F0xx_HAL_Driver/Src/stm32f0xx_hal_cortex.o
 .text.SysTick_Config
                0x08000c84       0x48 ./Drivers/STM32F0xx_HAL_Driver/Src/stm32f0xx_hal_cortex.o
 .text.HAL_NVIC_SetPriority
                0x08000ccc       0x2a ./Drivers/STM32F0xx_HAL_Driver/Src/stm32f0xx_hal_cortex.o
                0x08000ccc                HAL_NVIC_SetPriority
 .text.HAL_NVIC_EnableIRQ
                0x08000cf6       0x20 ./Drivers/STM32F0xx_HAL_Driver/Src/stm32f0xx_hal_cortex.o
                0x08000cf6                HAL_NVIC_EnableIRQ
 .text.HAL_SYSTICK_Config
                0x08000d16       0x1a ./Drivers/STM32F0xx_HAL_Driver/Src/stm32f0xx_hal_cortex.o
                0x08000d16                HAL_SYSTICK_Config
 .text.HAL_DMA_Init
                0x08000d30       0x90 ./Drivers/STM32F0xx_HAL_Driver/Src/stm32f0xx_hal_dma.o
                0x08000d30                HAL_DMA_Init
 .text.HAL_DMA_Abort_IT
                0x08000dc0       0x8a ./Drivers/STM32F0xx_HAL_Driver/Src/stm32f0xx_hal_dma.o
                0x08000dc0                HAL_DMA_Abort_IT
 .text.HAL_DMA_IRQHandler
                0x08000e4a      0x144 ./Drivers/STM32F0xx_HAL_Driver/Src/stm32f0xx_hal_dma.o
                0x08000e4a                HAL_DMA_IRQHandler
 .text.HAL_DMA_GetState
                0x08000f8e       0x18 ./Drivers/STM32F0xx_HAL_Driver/Src/stm32f0xx_hal_dma.o
                0x08000f8e                HAL_DMA_GetState
 *fill*         0x08000fa6        0x2 
 .text.DMA_CalcBaseAndBitshift
                0x08000fa8       0x38 ./Drivers/STM32F0xx_HAL_Driver/Src/stm32f0xx_hal_dma.o
 .text.HAL_GPIO_Init
                0x08000fe0      0x2e0 ./Drivers/STM32F0xx_HAL_Driver/Src/stm32f0xx_hal_gpio.o
                0x08000fe0                HAL_GPIO_Init
 .text.HAL_I2C_Init
                0x080012c0      0x14c ./Drivers/STM32F0xx_HAL_Driver/Src/stm32f0xx_hal_i2c.o
                0x080012c0                HAL_I2C_Init
 .text.HAL_I2C_Master_Transmit
                0x0800140c      0x254 ./Drivers/STM32F0xx_HAL_Driver/Src/stm32f0xx_hal_i2c.o
                0x0800140c                HAL_I2C_Master_Transmit
 .text.HAL_I2C_EV_IRQHandler
                0x08001660       0x34 ./Drivers/STM32F0xx_HAL_Driver/Src/stm32f0xx_hal_i2c.o
                0x08001660                HAL_I2C_EV_IRQHandler
 .text.HAL_I2C_ER_IRQHandler
                0x08001694       0xb2 ./Drivers/STM32F0xx_HAL_Driver/Src/stm32f0xx_hal_i2c.o
                0x08001694                HAL_I2C_ER_IRQHandler
 .text.HAL_I2C_SlaveTxCpltCallback
                0x08001746       0x10 ./Drivers/STM32F0xx_HAL_Driver/Src/stm32f0xx_hal_i2c.o
                0x08001746                HAL_I2C_SlaveTxCpltCallback
 .text.HAL_I2C_SlaveRxCpltCallback
                0x08001756       0x10 ./Drivers/STM32F0xx_HAL_Driver/Src/stm32f0xx_hal_i2c.o
                0x08001756                HAL_I2C_SlaveRxCpltCallback
 .text.HAL_I2C_AddrCallback
                0x08001766       0x20 ./Drivers/STM32F0xx_HAL_Driver/Src/stm32f0xx_hal_i2c.o
                0x08001766                HAL_I2C_AddrCallback
 .text.HAL_I2C_ListenCpltCallback
                0x08001786       0x10 ./Drivers/STM32F0xx_HAL_Driver/Src/stm32f0xx_hal_i2c.o
                0x08001786                HAL_I2C_ListenCpltCallback
 .text.HAL_I2C_ErrorCallback
                0x08001796       0x10 ./Drivers/STM32F0xx_HAL_Driver/Src/stm32f0xx_hal_i2c.o
                0x08001796                HAL_I2C_ErrorCallback
 .text.HAL_I2C_AbortCpltCallback
                0x080017a6       0x10 ./Drivers/STM32F0xx_HAL_Driver/Src/stm32f0xx_hal_i2c.o
                0x080017a6                HAL_I2C_AbortCpltCallback
 *fill*         0x080017b6        0x2 
 .text.I2C_Slave_ISR_IT
                0x080017b8      0x200 ./Drivers/STM32F0xx_HAL_Driver/Src/stm32f0xx_hal_i2c.o
 .text.I2C_ITAddrCplt
                0x080019b8      0x148 ./Drivers/STM32F0xx_HAL_Driver/Src/stm32f0xx_hal_i2c.o
 .text.I2C_ITSlaveSeqCplt
                0x08001b00       0xc8 ./Drivers/STM32F0xx_HAL_Driver/Src/stm32f0xx_hal_i2c.o
 .text.I2C_ITSlaveCplt
                0x08001bc8      0x310 ./Drivers/STM32F0xx_HAL_Driver/Src/stm32f0xx_hal_i2c.o
 .text.I2C_ITListenCplt
                0x08001ed8       0xb0 ./Drivers/STM32F0xx_HAL_Driver/Src/stm32f0xx_hal_i2c.o
 .text.I2C_ITError
                0x08001f88      0x204 ./Drivers/STM32F0xx_HAL_Driver/Src/stm32f0xx_hal_i2c.o
 .text.I2C_TreatErrorCallback
                0x0800218c       0x52 ./Drivers/STM32F0xx_HAL_Driver/Src/stm32f0xx_hal_i2c.o
 .text.I2C_Flush_TXDR
                0x080021de       0x44 ./Drivers/STM32F0xx_HAL_Driver/Src/stm32f0xx_hal_i2c.o
 .text.I2C_DMAAbort
                0x08002222       0x3e ./Drivers/STM32F0xx_HAL_Driver/Src/stm32f0xx_hal_i2c.o
 .text.I2C_WaitOnFlagUntilTimeout
                0x08002260       0xb0 ./Drivers/STM32F0xx_HAL_Driver/Src/stm32f0xx_hal_i2c.o
 .text.I2C_WaitOnTXISFlagUntilTimeout
                0x08002310       0x8c ./Drivers/STM32F0xx_HAL_Driver/Src/stm32f0xx_hal_i2c.o
 .text.I2C_WaitOnSTOPFlagUntilTimeout
                0x0800239c       0x86 ./Drivers/STM32F0xx_HAL_Driver/Src/stm32f0xx_hal_i2c.o
 *fill*         0x08002422        0x2 
 .text.I2C_IsErrorOccurred
                0x08002424      0x1f0 ./Drivers/STM32F0xx_HAL_Driver/Src/stm32f0xx_hal_i2c.o
 .text.I2C_TransferConfig
                0x08002614       0x74 ./Drivers/STM32F0xx_HAL_Driver/Src/stm32f0xx_hal_i2c.o
 .text.I2C_Disable_IRQ
                0x08002688       0xc6 ./Drivers/STM32F0xx_HAL_Driver/Src/stm32f0xx_hal_i2c.o
 *fill*         0x0800274e        0x2 
 .text.HAL_I2CEx_ConfigAnalogFilter
                0x08002750       0x98 ./Drivers/STM32F0xx_HAL_Driver/Src/stm32f0xx_hal_i2c_ex.o
                0x08002750                HAL_I2CEx_ConfigAnalogFilter
 .text.HAL_I2CEx_ConfigDigitalFilter
                0x080027e8       0x98 ./Drivers/STM32F0xx_HAL_Driver/Src/stm32f0xx_hal_i2c_ex.o
                0x080027e8                HAL_I2CEx_ConfigDigitalFilter
 .text.HAL_RCC_OscConfig
                0x08002880      0x634 ./Drivers/STM32F0xx_HAL_Driver/Src/stm32f0xx_hal_rcc.o
                0x08002880                HAL_RCC_OscConfig
 .text.HAL_RCC_ClockConfig
                0x08002eb4      0x19c ./Drivers/STM32F0xx_HAL_Driver/Src/stm32f0xx_hal_rcc.o
                0x08002eb4                HAL_RCC_ClockConfig
 .text.HAL_RCC_GetSysClockFreq
                0x08003050       0xac ./Drivers/STM32F0xx_HAL_Driver/Src/stm32f0xx_hal_rcc.o
                0x08003050                HAL_RCC_GetSysClockFreq
 .text.HAL_RCCEx_PeriphCLKConfig
                0x080030fc      0x19c ./Drivers/STM32F0xx_HAL_Driver/Src/stm32f0xx_hal_rcc_ex.o
                0x080030fc                HAL_RCCEx_PeriphCLKConfig
 .text.memset   0x08003298       0x10 /opt/st/stm32cubeide_1.15.0/plugins/com.st.stm32cube.ide.mcu.externaltools.gnu-tools-for-stm32.12.3.rel1.linux64_1.0.100.202403111256/tools/bin/../lib/gcc/arm-none-eabi/12.3.1/../../../../arm-none-eabi/lib/thumb/v6-m/nofp/libc_nano.a(libc_a-memset.o)
                0x08003298                memset
 .text.__libc_init_array
                0x080032a8       0x48 /opt/st/stm32cubeide_1.15.0/plugins/com.st.stm32cube.ide.mcu.externaltools.gnu-tools-for-stm32.12.3.rel1.linux64_1.0.100.202403111256/tools/bin/../lib/gcc/arm-none-eabi/12.3.1/../../../../arm-none-eabi/lib/thumb/v6-m/nofp/libc_nano.a(libc_a-init.o)
                0x080032a8                __libc_init_array
 *(.glue_7)
 .glue_7        0x080032f0        0x0 linker stubs
 *(.glue_7t)
 .glue_7t       0x080032f0        0x0 linker stubs
 *(.eh_frame)
 .eh_frame      0x080032f0        0x0 /opt/st/stm32cubeide_1.15.0/plugins/com.st.stm32cube.ide.mcu.externaltools.gnu-tools-for-stm32.12.3.rel1.linux64_1.0.100.202403111256/tools/bin/../lib/gcc/arm-none-eabi/12.3.1/thumb/v6-m/nofp/crtbegin.o
 *(.init)
 .init          0x080032f0        0x4 /opt/st/stm32cubeide_1.15.0/plugins/com.st.stm32cube.ide.mcu.externaltools.gnu-tools-for-stm32.12.3.rel1.linux64_1.0.100.202403111256/tools/bin/../lib/gcc/arm-none-eabi/12.3.1/thumb/v6-m/nofp/crti.o
                0x080032f0                _init
 .init          0x080032f4        0x8 /opt/st/stm32cubeide_1.15.0/plugins/com.st.stm32cube.ide.mcu.externaltools.gnu-tools-for-stm32.12.3.rel1.linux64_1.0.100.202403111256/tools/bin/../lib/gcc/arm-none-eabi/12.3.1/thumb/v6-m/nofp/crtn.o
 *(.fini)
 .fini          0x080032fc        0x4 /opt/st/stm32cubeide_1.15.0/plugins/com.st.stm32cube.ide.mcu.externaltools.gnu-tools-for-stm32.12.3.rel1.linux64_1.0.100.202403111256/tools/bin/../lib/gcc/arm-none-eabi/12.3.1/thumb/v6-m/nofp/crti.o
                0x080032fc                _fini
 .fini          0x08003300        0x8 /opt/st/stm32cubeide_1.15.0/plugins/com.st.stm32cube.ide.mcu.externaltools.gnu-tools-for-stm32.12.3.rel1.linux64_1.0.100.202403111256/tools/bin/../lib/gcc/arm-none-eabi/12.3.1/thumb/v6-m/nofp/crtn.o
                0x08003308                        . = ALIGN (0x4)
                0x08003308                        _etext = .

.vfp11_veneer   0x08003308        0x0
 .vfp11_veneer  0x08003308        0x0 linker stubs

.v4_bx          0x08003308        0x0
 .v4_bx         0x08003308        0x0 linker stubs

.iplt           0x08003308        0x0
 .iplt          0x08003308        0x0 /opt/st/stm32cubeide_1.15.0/plugins/com.st.stm32cube.ide.mcu.externaltools.gnu-tools-for-stm32.12.3.rel1.linux64_1.0.100.202403111256/tools/bin/../lib/gcc/arm-none-eabi/12.3.1/thumb/v6-m/nofp/crtbegin.o

.rodata         0x08003308       0x30
                0x08003308                        . = ALIGN (0x4)
 *(.rodata)
 *(.rodata*)
 .rodata.AHBPrescTable
                0x08003308       0x10 ./Core/Src/system_stm32f0xx.o
                0x08003308                AHBPrescTable
 .rodata.aPLLMULFactorTable.1
                0x08003318       0x10 ./Drivers/STM32F0xx_HAL_Driver/Src/stm32f0xx_hal_rcc.o
 .rodata.aPredivFactorTable.0
                0x08003328       0x10 ./Drivers/STM32F0xx_HAL_Driver/Src/stm32f0xx_hal_rcc.o
                0x08003338                        . = ALIGN (0x4)

.ARM.extab      0x08003338        0x0
                0x08003338                        . = ALIGN (0x4)
 *(.ARM.extab* .gnu.linkonce.armextab.*)
                0x08003338                        . = ALIGN (0x4)

.ARM            0x08003338        0x0
                0x08003338                        . = ALIGN (0x4)
                0x08003338                        __exidx_start = .
 *(.ARM.exidx*)
                0x08003338                        __exidx_end = .
                0x08003338                        . = ALIGN (0x4)

.preinit_array  0x08003338        0x0
                0x08003338                        . = ALIGN (0x4)
                0x08003338                        PROVIDE (__preinit_array_start = .)
 *(.preinit_array*)
                0x08003338                        PROVIDE (__preinit_array_end = .)
                0x08003338                        . = ALIGN (0x4)

.init_array     0x08003338        0x4
                0x08003338                        . = ALIGN (0x4)
                0x08003338                        PROVIDE (__init_array_start = .)
 *(SORT_BY_NAME(.init_array.*))
 *(.init_array*)
 .init_array    0x08003338        0x4 /opt/st/stm32cubeide_1.15.0/plugins/com.st.stm32cube.ide.mcu.externaltools.gnu-tools-for-stm32.12.3.rel1.linux64_1.0.100.202403111256/tools/bin/../lib/gcc/arm-none-eabi/12.3.1/thumb/v6-m/nofp/crtbegin.o
                0x0800333c                        PROVIDE (__init_array_end = .)
                0x0800333c                        . = ALIGN (0x4)

.fini_array     0x0800333c        0x4
                0x0800333c                        . = ALIGN (0x4)
                [!provide]                        PROVIDE (__fini_array_start = .)
 *(SORT_BY_NAME(.fini_array.*))
 *(.fini_array*)
 .fini_array    0x0800333c        0x4 /opt/st/stm32cubeide_1.15.0/plugins/com.st.stm32cube.ide.mcu.externaltools.gnu-tools-for-stm32.12.3.rel1.linux64_1.0.100.202403111256/tools/bin/../lib/gcc/arm-none-eabi/12.3.1/thumb/v6-m/nofp/crtbegin.o
                [!provide]                        PROVIDE (__fini_array_end = .)
                0x08003340                        . = ALIGN (0x4)
                0x08003340                        _sidata = LOADADDR (.data)

.rel.dyn        0x08003340        0x0
 .rel.iplt      0x08003340        0x0 /opt/st/stm32cubeide_1.15.0/plugins/com.st.stm32cube.ide.mcu.externaltools.gnu-tools-for-stm32.12.3.rel1.linux64_1.0.100.202403111256/tools/bin/../lib/gcc/arm-none-eabi/12.3.1/thumb/v6-m/nofp/crtbegin.o

.data           0x20000000       0x38 load address 0x08003340
                0x20000000                        . = ALIGN (0x4)
                0x20000000                        _sdata = .
 *(.data)
 *(.data*)
 .data.dynamicInitDataArray
                0x20000000       0x29 ./Core/Src/sh1106.o
                0x20000000                dynamicInitDataArray
 *fill*         0x20000029        0x3 
 .data.SystemCoreClock
                0x2000002c        0x4 ./Core/Src/system_stm32f0xx.o
                0x2000002c                SystemCoreClock
 .data.uwTickPrio
                0x20000030        0x4 ./Drivers/STM32F0xx_HAL_Driver/Src/stm32f0xx_hal.o
                0x20000030                uwTickPrio
 .data.uwTickFreq
                0x20000034        0x1 ./Drivers/STM32F0xx_HAL_Driver/Src/stm32f0xx_hal.o
                0x20000034                uwTickFreq
 *(.RamFunc)
 *(.RamFunc*)
                0x20000038                        . = ALIGN (0x4)
 *fill*         0x20000035        0x3 
                0x20000038                        _edata = .

.igot.plt       0x20000038        0x0 load address 0x08003378
 .igot.plt      0x20000038        0x0 /opt/st/stm32cubeide_1.15.0/plugins/com.st.stm32cube.ide.mcu.externaltools.gnu-tools-for-stm32.12.3.rel1.linux64_1.0.100.202403111256/tools/bin/../lib/gcc/arm-none-eabi/12.3.1/thumb/v6-m/nofp/crtbegin.o
                0x20000038                        . = ALIGN (0x4)

.bss            0x20000038      0x4e0 load address 0x08003378
                0x20000038                        _sbss = .
                0x20000038                        __bss_start__ = _sbss
 *(.bss)
 .bss           0x20000038       0x1c /opt/st/stm32cubeide_1.15.0/plugins/com.st.stm32cube.ide.mcu.externaltools.gnu-tools-for-stm32.12.3.rel1.linux64_1.0.100.202403111256/tools/bin/../lib/gcc/arm-none-eabi/12.3.1/thumb/v6-m/nofp/crtbegin.o
 *(.bss*)
 .bss.hi2c1     0x20000054       0x54 ./Core/Src/main.o
                0x20000054                hi2c1
 .bss.hdma_i2c1_tx
                0x200000a8       0x44 ./Core/Src/main.o
                0x200000a8                hdma_i2c1_tx
 .bss.HI2C      0x200000ec        0x4 ./Core/Src/sh1106.o
                0x200000ec                HI2C
 .bss.DEVICE_ADDRESS
                0x200000f0        0x1 ./Core/Src/sh1106.o
                0x200000f0                DEVICE_ADDRESS
 .bss.POS_X     0x200000f1        0x1 ./Core/Src/sh1106.o
                0x200000f1                POS_X
 .bss.POS_Y     0x200000f2        0x1 ./Core/Src/sh1106.o
                0x200000f2                POS_Y
 *fill*         0x200000f3        0x1 
 .bss.screenBuffer
                0x200000f4      0x420 ./Core/Src/sh1106.o
                0x200000f4                screenBuffer
 .bss.uwTick    0x20000514        0x4 ./Drivers/STM32F0xx_HAL_Driver/Src/stm32f0xx_hal.o
                0x20000514                uwTick
 *(COMMON)
                0x20000518                        . = ALIGN (0x4)
                0x20000518                        _ebss = .
                0x20000518                        __bss_end__ = _ebss

._user_heap_stack
                0x20000518      0x600 load address 0x08003378
                0x20000518                        . = ALIGN (0x8)
                [!provide]                        PROVIDE (end = .)
                0x20000518                        PROVIDE (_end = .)
                0x20000718                        . = (. + _Min_Heap_Size)
 *fill*         0x20000518      0x200 
                0x20000b18                        . = (. + _Min_Stack_Size)
 *fill*         0x20000718      0x400 
                0x20000b18                        . = ALIGN (0x8)

/DISCARD/
 libc.a(*)
 libm.a(*)
 libgcc.a(*)

.ARM.attributes
                0x00000000       0x28
 *(.ARM.attributes)
 .ARM.attributes
                0x00000000       0x1e /opt/st/stm32cubeide_1.15.0/plugins/com.st.stm32cube.ide.mcu.externaltools.gnu-tools-for-stm32.12.3.rel1.linux64_1.0.100.202403111256/tools/bin/../lib/gcc/arm-none-eabi/12.3.1/thumb/v6-m/nofp/crti.o
 .ARM.attributes
                0x0000001e       0x2c /opt/st/stm32cubeide_1.15.0/plugins/com.st.stm32cube.ide.mcu.externaltools.gnu-tools-for-stm32.12.3.rel1.linux64_1.0.100.202403111256/tools/bin/../lib/gcc/arm-none-eabi/12.3.1/thumb/v6-m/nofp/crtbegin.o
 .ARM.attributes
                0x0000004a       0x2c ./Core/Src/main.o
 .ARM.attributes
                0x00000076       0x2c ./Core/Src/sh1106.o
 .ARM.attributes
                0x000000a2       0x2c ./Core/Src/stm32f0xx_hal_msp.o
 .ARM.attributes
                0x000000ce       0x2c ./Core/Src/stm32f0xx_it.o
 .ARM.attributes
                0x000000fa       0x2c ./Core/Src/system_stm32f0xx.o
 .ARM.attributes
                0x00000126       0x21 ./Core/Startup/startup_stm32f030r8tx.o
 .ARM.attributes
                0x00000147       0x2c ./Drivers/STM32F0xx_HAL_Driver/Src/stm32f0xx_hal.o
 .ARM.attributes
                0x00000173       0x2c ./Drivers/STM32F0xx_HAL_Driver/Src/stm32f0xx_hal_cortex.o
 .ARM.attributes
                0x0000019f       0x2c ./Drivers/STM32F0xx_HAL_Driver/Src/stm32f0xx_hal_dma.o
 .ARM.attributes
                0x000001cb       0x2c ./Drivers/STM32F0xx_HAL_Driver/Src/stm32f0xx_hal_gpio.o
 .ARM.attributes
                0x000001f7       0x2c ./Drivers/STM32F0xx_HAL_Driver/Src/stm32f0xx_hal_i2c.o
 .ARM.attributes
                0x00000223       0x2c ./Drivers/STM32F0xx_HAL_Driver/Src/stm32f0xx_hal_i2c_ex.o
 .ARM.attributes
                0x0000024f       0x2c ./Drivers/STM32F0xx_HAL_Driver/Src/stm32f0xx_hal_rcc.o
 .ARM.attributes
                0x0000027b       0x2c ./Drivers/STM32F0xx_HAL_Driver/Src/stm32f0xx_hal_rcc_ex.o
 .ARM.attributes
                0x000002a7       0x2c /opt/st/stm32cubeide_1.15.0/plugins/com.st.stm32cube.ide.mcu.externaltools.gnu-tools-for-stm32.12.3.rel1.linux64_1.0.100.202403111256/tools/bin/../lib/gcc/arm-none-eabi/12.3.1/../../../../arm-none-eabi/lib/thumb/v6-m/nofp/libc_nano.a(libc_a-memset.o)
 .ARM.attributes
                0x000002d3       0x2c /opt/st/stm32cubeide_1.15.0/plugins/com.st.stm32cube.ide.mcu.externaltools.gnu-tools-for-stm32.12.3.rel1.linux64_1.0.100.202403111256/tools/bin/../lib/gcc/arm-none-eabi/12.3.1/../../../../arm-none-eabi/lib/thumb/v6-m/nofp/libc_nano.a(libc_a-init.o)
 .ARM.attributes
                0x000002ff       0x1e /opt/st/stm32cubeide_1.15.0/plugins/com.st.stm32cube.ide.mcu.externaltools.gnu-tools-for-stm32.12.3.rel1.linux64_1.0.100.202403111256/tools/bin/../lib/gcc/arm-none-eabi/12.3.1/thumb/v6-m/nofp/libgcc.a(_udivsi3.o)
 .ARM.attributes
                0x0000031d       0x1e /opt/st/stm32cubeide_1.15.0/plugins/com.st.stm32cube.ide.mcu.externaltools.gnu-tools-for-stm32.12.3.rel1.linux64_1.0.100.202403111256/tools/bin/../lib/gcc/arm-none-eabi/12.3.1/thumb/v6-m/nofp/libgcc.a(_dvmd_tls.o)
 .ARM.attributes
                0x0000033b       0x1e /opt/st/stm32cubeide_1.15.0/plugins/com.st.stm32cube.ide.mcu.externaltools.gnu-tools-for-stm32.12.3.rel1.linux64_1.0.100.202403111256/tools/bin/../lib/gcc/arm-none-eabi/12.3.1/thumb/v6-m/nofp/crtn.o
OUTPUT(sh1106_library.elf elf32-littlearm)
LOAD linker stubs
LOAD /opt/st/stm32cubeide_1.15.0/plugins/com.st.stm32cube.ide.mcu.externaltools.gnu-tools-for-stm32.12.3.rel1.linux64_1.0.100.202403111256/tools/bin/../lib/gcc/arm-none-eabi/12.3.1/../../../../arm-none-eabi/lib/thumb/v6-m/nofp/libc.a
LOAD /opt/st/stm32cubeide_1.15.0/plugins/com.st.stm32cube.ide.mcu.externaltools.gnu-tools-for-stm32.12.3.rel1.linux64_1.0.100.202403111256/tools/bin/../lib/gcc/arm-none-eabi/12.3.1/../../../../arm-none-eabi/lib/thumb/v6-m/nofp/libm.a
LOAD /opt/st/stm32cubeide_1.15.0/plugins/com.st.stm32cube.ide.mcu.externaltools.gnu-tools-for-stm32.12.3.rel1.linux64_1.0.100.202403111256/tools/bin/../lib/gcc/arm-none-eabi/12.3.1/thumb/v6-m/nofp/libgcc.a

.debug_info     0x00000000     0x795c
 .debug_info    0x00000000      0xb48 ./Core/Src/main.o
 .debug_info    0x00000b48      0xd05 ./Core/Src/sh1106.o
 .debug_info    0x0000184d      0x9e7 ./Core/Src/stm32f0xx_hal_msp.o
 .debug_info    0x00002234      0x69c ./Core/Src/stm32f0xx_it.o
 .debug_info    0x000028d0      0x242 ./Core/Src/system_stm32f0xx.o
 .debug_info    0x00002b12       0x30 ./Core/Startup/startup_stm32f030r8tx.o
 .debug_info    0x00002b42      0x670 ./Drivers/STM32F0xx_HAL_Driver/Src/stm32f0xx_hal.o
 .debug_info    0x000031b2      0x69b ./Drivers/STM32F0xx_HAL_Driver/Src/stm32f0xx_hal_cortex.o
 .debug_info    0x0000384d      0x700 ./Drivers/STM32F0xx_HAL_Driver/Src/stm32f0xx_hal_dma.o
 .debug_info    0x00003f4d      0x5c3 ./Drivers/STM32F0xx_HAL_Driver/Src/stm32f0xx_hal_gpio.o
 .debug_info    0x00004510     0x20cd ./Drivers/STM32F0xx_HAL_Driver/Src/stm32f0xx_hal_i2c.o
 .debug_info    0x000065dd      0x7de ./Drivers/STM32F0xx_HAL_Driver/Src/stm32f0xx_hal_i2c_ex.o
 .debug_info    0x00006dbb      0x844 ./Drivers/STM32F0xx_HAL_Driver/Src/stm32f0xx_hal_rcc.o
 .debug_info    0x000075ff      0x35d ./Drivers/STM32F0xx_HAL_Driver/Src/stm32f0xx_hal_rcc_ex.o

.debug_abbrev   0x00000000     0x1ae8
 .debug_abbrev  0x00000000      0x27d ./Core/Src/main.o
 .debug_abbrev  0x0000027d      0x2c5 ./Core/Src/sh1106.o
 .debug_abbrev  0x00000542      0x20e ./Core/Src/stm32f0xx_hal_msp.o
 .debug_abbrev  0x00000750      0x18c ./Core/Src/stm32f0xx_it.o
 .debug_abbrev  0x000008dc      0x11c ./Core/Src/system_stm32f0xx.o
 .debug_abbrev  0x000009f8       0x24 ./Core/Startup/startup_stm32f030r8tx.o
 .debug_abbrev  0x00000a1c      0x24b ./Drivers/STM32F0xx_HAL_Driver/Src/stm32f0xx_hal.o
 .debug_abbrev  0x00000c67      0x28c ./Drivers/STM32F0xx_HAL_Driver/Src/stm32f0xx_hal_cortex.o
 .debug_abbrev  0x00000ef3      0x1ef ./Drivers/STM32F0xx_HAL_Driver/Src/stm32f0xx_hal_dma.o
 .debug_abbrev  0x000010e2      0x1c8 ./Drivers/STM32F0xx_HAL_Driver/Src/stm32f0xx_hal_gpio.o
 .debug_abbrev  0x000012aa      0x270 ./Drivers/STM32F0xx_HAL_Driver/Src/stm32f0xx_hal_i2c.o
 .debug_abbrev  0x0000151a      0x1d4 ./Drivers/STM32F0xx_HAL_Driver/Src/stm32f0xx_hal_i2c_ex.o
 .debug_abbrev  0x000016ee      0x28b ./Drivers/STM32F0xx_HAL_Driver/Src/stm32f0xx_hal_rcc.o
 .debug_abbrev  0x00001979      0x16f ./Drivers/STM32F0xx_HAL_Driver/Src/stm32f0xx_hal_rcc_ex.o

.debug_aranges  0x00000000      0x7b8
 .debug_aranges
                0x00000000       0x48 ./Core/Src/main.o
 .debug_aranges
                0x00000048       0xa8 ./Core/Src/sh1106.o
 .debug_aranges
                0x000000f0       0x30 ./Core/Src/stm32f0xx_hal_msp.o
 .debug_aranges
                0x00000120       0x50 ./Core/Src/stm32f0xx_it.o
 .debug_aranges
                0x00000170       0x28 ./Core/Src/system_stm32f0xx.o
 .debug_aranges
                0x00000198       0x28 ./Core/Startup/startup_stm32f030r8tx.o
 .debug_aranges
                0x000001c0       0xd0 ./Drivers/STM32F0xx_HAL_Driver/Src/stm32f0xx_hal.o
 .debug_aranges
                0x00000290       0xc0 ./Drivers/STM32F0xx_HAL_Driver/Src/stm32f0xx_hal_cortex.o
 .debug_aranges
                0x00000350       0x88 ./Drivers/STM32F0xx_HAL_Driver/Src/stm32f0xx_hal_dma.o
 .debug_aranges
                0x000003d8       0x58 ./Drivers/STM32F0xx_HAL_Driver/Src/stm32f0xx_hal_gpio.o
 .debug_aranges
                0x00000430      0x2a0 ./Drivers/STM32F0xx_HAL_Driver/Src/stm32f0xx_hal_i2c.o
 .debug_aranges
                0x000006d0       0x38 ./Drivers/STM32F0xx_HAL_Driver/Src/stm32f0xx_hal_i2c_ex.o
 .debug_aranges
                0x00000708       0x80 ./Drivers/STM32F0xx_HAL_Driver/Src/stm32f0xx_hal_rcc.o
 .debug_aranges
                0x00000788       0x30 ./Drivers/STM32F0xx_HAL_Driver/Src/stm32f0xx_hal_rcc_ex.o

.debug_rnglists
                0x00000000      0x5e6
 .debug_rnglists
                0x00000000       0x33 ./Core/Src/main.o
 .debug_rnglists
                0x00000033       0x8c ./Core/Src/sh1106.o
 .debug_rnglists
                0x000000bf       0x20 ./Core/Src/stm32f0xx_hal_msp.o
 .debug_rnglists
                0x000000df       0x37 ./Core/Src/stm32f0xx_it.o
 .debug_rnglists
                0x00000116       0x1a ./Core/Src/system_stm32f0xx.o
 .debug_rnglists
                0x00000130       0x19 ./Core/Startup/startup_stm32f030r8tx.o
 .debug_rnglists
                0x00000149       0x97 ./Drivers/STM32F0xx_HAL_Driver/Src/stm32f0xx_hal.o
 .debug_rnglists
                0x000001e0       0x8c ./Drivers/STM32F0xx_HAL_Driver/Src/stm32f0xx_hal_cortex.o
 .debug_rnglists
                0x0000026c       0x6a ./Drivers/STM32F0xx_HAL_Driver/Src/stm32f0xx_hal_dma.o
 .debug_rnglists
                0x000002d6       0x3f ./Drivers/STM32F0xx_HAL_Driver/Src/stm32f0xx_hal_gpio.o
 .debug_rnglists
                0x00000315      0x229 ./Drivers/STM32F0xx_HAL_Driver/Src/stm32f0xx_hal_i2c.o
 .debug_rnglists
                0x0000053e       0x27 ./Drivers/STM32F0xx_HAL_Driver/Src/stm32f0xx_hal_i2c_ex.o
 .debug_rnglists
                0x00000565       0x60 ./Drivers/STM32F0xx_HAL_Driver/Src/stm32f0xx_hal_rcc.o
 .debug_rnglists
                0x000005c5       0x21 ./Drivers/STM32F0xx_HAL_Driver/Src/stm32f0xx_hal_rcc_ex.o

.debug_macro    0x00000000     0xe5b5
 .debug_macro   0x00000000      0x2bd ./Core/Src/main.o
 .debug_macro   0x000002bd      0x127 ./Core/Src/main.o
 .debug_macro   0x000003e4       0x2e ./Core/Src/main.o
 .debug_macro   0x00000412       0x22 ./Core/Src/main.o
 .debug_macro   0x00000434       0x1c ./Core/Src/main.o
 .debug_macro   0x00000450       0x22 ./Core/Src/main.o
 .debug_macro   0x00000472       0xaf ./Core/Src/main.o
 .debug_macro   0x00000521      0x391 ./Core/Src/main.o
 .debug_macro   0x000008b2     0x6f47 ./Core/Src/main.o
 .debug_macro   0x000077f9       0x66 ./Core/Src/main.o
 .debug_macro   0x0000785f     0x34da ./Core/Src/main.o
 .debug_macro   0x0000ad39      0x189 ./Core/Src/main.o
 .debug_macro   0x0000aec2       0x55 ./Core/Src/main.o
 .debug_macro   0x0000af17      0x924 ./Core/Src/main.o
 .debug_macro   0x0000b83b      0x17f ./Core/Src/main.o
 .debug_macro   0x0000b9ba      0x1ae ./Core/Src/main.o
 .debug_macro   0x0000bb68       0xd8 ./Core/Src/main.o
 .debug_macro   0x0000bc40      0x1a0 ./Core/Src/main.o
 .debug_macro   0x0000bde0      0x1ed ./Core/Src/main.o
 .debug_macro   0x0000bfcd       0x34 ./Core/Src/main.o
 .debug_macro   0x0000c001       0x43 ./Core/Src/main.o
 .debug_macro   0x0000c044       0x28 ./Core/Src/main.o
 .debug_macro   0x0000c06c       0xb0 ./Core/Src/main.o
 .debug_macro   0x0000c11c      0x199 ./Core/Src/main.o
 .debug_macro   0x0000c2b5      0x22c ./Core/Src/main.o
 .debug_macro   0x0000c4e1       0x61 ./Core/Src/main.o
 .debug_macro   0x0000c542       0xa5 ./Core/Src/main.o
 .debug_macro   0x0000c5e7       0x4c ./Core/Src/main.o
 .debug_macro   0x0000c633       0x2b ./Core/Src/main.o
 .debug_macro   0x0000c65e       0xff ./Core/Src/main.o
 .debug_macro   0x0000c75d       0x24 ./Core/Src/main.o
 .debug_macro   0x0000c781       0x61 ./Core/Src/main.o
 .debug_macro   0x0000c7e2       0x43 ./Core/Src/main.o
 .debug_macro   0x0000c825       0x34 ./Core/Src/main.o
 .debug_macro   0x0000c859       0x16 ./Core/Src/main.o
 .debug_macro   0x0000c86f       0x35 ./Core/Src/main.o
 .debug_macro   0x0000c8a4       0x16 ./Core/Src/main.o
 .debug_macro   0x0000c8ba       0x43 ./Core/Src/main.o
 .debug_macro   0x0000c8fd       0x34 ./Core/Src/main.o
 .debug_macro   0x0000c931       0x10 ./Core/Src/main.o
 .debug_macro   0x0000c941       0x58 ./Core/Src/main.o
 .debug_macro   0x0000c999       0x8e ./Core/Src/main.o
 .debug_macro   0x0000ca27       0x1c ./Core/Src/main.o
 .debug_macro   0x0000ca43      0x177 ./Core/Src/main.o
 .debug_macro   0x0000cbba      0x369 ./Core/Src/main.o
 .debug_macro   0x0000cf23       0x16 ./Core/Src/main.o
 .debug_macro   0x0000cf39       0x29 ./Core/Src/main.o
 .debug_macro   0x0000cf62       0x16 ./Core/Src/main.o
 .debug_macro   0x0000cf78       0x20 ./Core/Src/main.o
 .debug_macro   0x0000cf98       0x10 ./Core/Src/main.o
 .debug_macro   0x0000cfa8       0xa6 ./Core/Src/main.o
 .debug_macro   0x0000d04e      0x2ad ./Core/Src/sh1106.o
 .debug_macro   0x0000d2fb      0x1a3 ./Core/Src/stm32f0xx_hal_msp.o
 .debug_macro   0x0000d49e      0x1ad ./Core/Src/stm32f0xx_it.o
 .debug_macro   0x0000d64b      0x199 ./Core/Src/system_stm32f0xx.o
 .debug_macro   0x0000d7e4      0x1bd ./Drivers/STM32F0xx_HAL_Driver/Src/stm32f0xx_hal.o
 .debug_macro   0x0000d9a1      0x199 ./Drivers/STM32F0xx_HAL_Driver/Src/stm32f0xx_hal_cortex.o
 .debug_macro   0x0000db3a      0x199 ./Drivers/STM32F0xx_HAL_Driver/Src/stm32f0xx_hal_dma.o
 .debug_macro   0x0000dcd3      0x1a0 ./Drivers/STM32F0xx_HAL_Driver/Src/stm32f0xx_hal_gpio.o
 .debug_macro   0x0000de73      0x265 ./Drivers/STM32F0xx_HAL_Driver/Src/stm32f0xx_hal_i2c.o
 .debug_macro   0x0000e0d8      0x199 ./Drivers/STM32F0xx_HAL_Driver/Src/stm32f0xx_hal_i2c_ex.o
 .debug_macro   0x0000e271      0x1ab ./Drivers/STM32F0xx_HAL_Driver/Src/stm32f0xx_hal_rcc.o
 .debug_macro   0x0000e41c      0x199 ./Drivers/STM32F0xx_HAL_Driver/Src/stm32f0xx_hal_rcc_ex.o

.debug_line     0x00000000     0xa7f9
 .debug_line    0x00000000      0x8fc ./Core/Src/main.o
 .debug_line    0x000008fc      0xbc0 ./Core/Src/sh1106.o
 .debug_line    0x000014bc      0x6c0 ./Core/Src/stm32f0xx_hal_msp.o
 .debug_line    0x00001b7c      0x6f2 ./Core/Src/stm32f0xx_it.o
 .debug_line    0x0000226e      0x6bb ./Core/Src/system_stm32f0xx.o
 .debug_line    0x00002929       0x7b ./Core/Startup/startup_stm32f030r8tx.o
 .debug_line    0x000029a4      0x8c6 ./Drivers/STM32F0xx_HAL_Driver/Src/stm32f0xx_hal.o
 .debug_line    0x0000326a      0x972 ./Drivers/STM32F0xx_HAL_Driver/Src/stm32f0xx_hal_cortex.o
 .debug_line    0x00003bdc      0xbea ./Drivers/STM32F0xx_HAL_Driver/Src/stm32f0xx_hal_dma.o
 .debug_line    0x000047c6      0xa5f ./Drivers/STM32F0xx_HAL_Driver/Src/stm32f0xx_hal_gpio.o
 .debug_line    0x00005225     0x3980 ./Drivers/STM32F0xx_HAL_Driver/Src/stm32f0xx_hal_i2c.o
 .debug_line    0x00008ba5      0x787 ./Drivers/STM32F0xx_HAL_Driver/Src/stm32f0xx_hal_i2c_ex.o
 .debug_line    0x0000932c      0xcab ./Drivers/STM32F0xx_HAL_Driver/Src/stm32f0xx_hal_rcc.o
 .debug_line    0x00009fd7      0x822 ./Drivers/STM32F0xx_HAL_Driver/Src/stm32f0xx_hal_rcc_ex.o

.debug_str      0x00000000    0x5989c
 .debug_str     0x00000000    0x578a5 ./Core/Src/main.o
                              0x57c74 (size before relaxing)
 .debug_str     0x000578a5      0x34e ./Core/Src/sh1106.o
                              0x57b04 (size before relaxing)
 .debug_str     0x00057bf3      0x104 ./Core/Src/stm32f0xx_hal_msp.o
                              0x5454e (size before relaxing)
 .debug_str     0x00057cf7       0xd1 ./Core/Src/stm32f0xx_it.o
                              0x54319 (size before relaxing)
 .debug_str     0x00057dc8       0x8b ./Core/Src/system_stm32f0xx.o
                              0x53e44 (size before relaxing)
 .debug_str     0x00057e53       0x8d ./Core/Startup/startup_stm32f030r8tx.o
 .debug_str     0x00057ee0      0x37a ./Drivers/STM32F0xx_HAL_Driver/Src/stm32f0xx_hal.o
                              0x543e2 (size before relaxing)
 .debug_str     0x0005825a      0x1ab ./Drivers/STM32F0xx_HAL_Driver/Src/stm32f0xx_hal_cortex.o
                              0x541d3 (size before relaxing)
 .debug_str     0x00058405      0x223 ./Drivers/STM32F0xx_HAL_Driver/Src/stm32f0xx_hal_dma.o
                              0x541f4 (size before relaxing)
 .debug_str     0x00058628      0x146 ./Drivers/STM32F0xx_HAL_Driver/Src/stm32f0xx_hal_gpio.o
                              0x53fef (size before relaxing)
 .debug_str     0x0005876e      0xdff ./Drivers/STM32F0xx_HAL_Driver/Src/stm32f0xx_hal_i2c.o
                              0x551ac (size before relaxing)
 .debug_str     0x0005956d       0x89 ./Drivers/STM32F0xx_HAL_Driver/Src/stm32f0xx_hal_i2c_ex.o
                              0x5437d (size before relaxing)
 .debug_str     0x000595f6      0x20f ./Drivers/STM32F0xx_HAL_Driver/Src/stm32f0xx_hal_rcc.o
                              0x5428a (size before relaxing)
 .debug_str     0x00059805       0x97 ./Drivers/STM32F0xx_HAL_Driver/Src/stm32f0xx_hal_rcc_ex.o
                              0x53f97 (size before relaxing)

.comment        0x00000000       0x43
 .comment       0x00000000       0x43 ./Core/Src/main.o
                                 0x44 (size before relaxing)
 .comment       0x00000043       0x44 ./Core/Src/sh1106.o
 .comment       0x00000043       0x44 ./Core/Src/stm32f0xx_hal_msp.o
 .comment       0x00000043       0x44 ./Core/Src/stm32f0xx_it.o
 .comment       0x00000043       0x44 ./Core/Src/system_stm32f0xx.o
 .comment       0x00000043       0x44 ./Drivers/STM32F0xx_HAL_Driver/Src/stm32f0xx_hal.o
 .comment       0x00000043       0x44 ./Drivers/STM32F0xx_HAL_Driver/Src/stm32f0xx_hal_cortex.o
 .comment       0x00000043       0x44 ./Drivers/STM32F0xx_HAL_Driver/Src/stm32f0xx_hal_dma.o
 .comment       0x00000043       0x44 ./Drivers/STM32F0xx_HAL_Driver/Src/stm32f0xx_hal_gpio.o
 .comment       0x00000043       0x44 ./Drivers/STM32F0xx_HAL_Driver/Src/stm32f0xx_hal_i2c.o
 .comment       0x00000043       0x44 ./Drivers/STM32F0xx_HAL_Driver/Src/stm32f0xx_hal_i2c_ex.o
 .comment       0x00000043       0x44 ./Drivers/STM32F0xx_HAL_Driver/Src/stm32f0xx_hal_rcc.o
 .comment       0x00000043       0x44 ./Drivers/STM32F0xx_HAL_Driver/Src/stm32f0xx_hal_rcc_ex.o

.debug_frame    0x00000000     0x1a48
 .debug_frame   0x00000000       0xc4 ./Core/Src/main.o
 .debug_frame   0x000000c4      0x264 ./Core/Src/sh1106.o
 .debug_frame   0x00000328       0x70 ./Core/Src/stm32f0xx_hal_msp.o
 .debug_frame   0x00000398       0xd4 ./Core/Src/stm32f0xx_it.o
 .debug_frame   0x0000046c       0x4c ./Core/Src/system_stm32f0xx.o
 .debug_frame   0x000004b8      0x2a4 ./Drivers/STM32F0xx_HAL_Driver/Src/stm32f0xx_hal.o
 .debug_frame   0x0000075c      0x2a0 ./Drivers/STM32F0xx_HAL_Driver/Src/stm32f0xx_hal_cortex.o
 .debug_frame   0x000009fc      0x1d0 ./Drivers/STM32F0xx_HAL_Driver/Src/stm32f0xx_hal_dma.o
 .debug_frame   0x00000bcc      0x110 ./Drivers/STM32F0xx_HAL_Driver/Src/stm32f0xx_hal_gpio.o
 .debug_frame   0x00000cdc      0xa68 ./Drivers/STM32F0xx_HAL_Driver/Src/stm32f0xx_hal_i2c.o
 .debug_frame   0x00001744       0x90 ./Drivers/STM32F0xx_HAL_Driver/Src/stm32f0xx_hal_i2c_ex.o
 .debug_frame   0x000017d4      0x198 ./Drivers/STM32F0xx_HAL_Driver/Src/stm32f0xx_hal_rcc.o
 .debug_frame   0x0000196c       0x70 ./Drivers/STM32F0xx_HAL_Driver/Src/stm32f0xx_hal_rcc_ex.o
 .debug_frame   0x000019dc       0x20 /opt/st/stm32cubeide_1.15.0/plugins/com.st.stm32cube.ide.mcu.externaltools.gnu-tools-for-stm32.12.3.rel1.linux64_1.0.100.202403111256/tools/bin/../lib/gcc/arm-none-eabi/12.3.1/../../../../arm-none-eabi/lib/thumb/v6-m/nofp/libc_nano.a(libc_a-memset.o)
 .debug_frame   0x000019fc       0x2c /opt/st/stm32cubeide_1.15.0/plugins/com.st.stm32cube.ide.mcu.externaltools.gnu-tools-for-stm32.12.3.rel1.linux64_1.0.100.202403111256/tools/bin/../lib/gcc/arm-none-eabi/12.3.1/../../../../arm-none-eabi/lib/thumb/v6-m/nofp/libc_nano.a(libc_a-init.o)
 .debug_frame   0x00001a28       0x20 /opt/st/stm32cubeide_1.15.0/plugins/com.st.stm32cube.ide.mcu.externaltools.gnu-tools-for-stm32.12.3.rel1.linux64_1.0.100.202403111256/tools/bin/../lib/gcc/arm-none-eabi/12.3.1/thumb/v6-m/nofp/libgcc.a(_udivsi3.o)

.debug_line_str
                0x00000000       0x71
 .debug_line_str
                0x00000000       0x71 ./Core/Startup/startup_stm32f030r8tx.o
