../Core/Src/sh1106.c:40:6:SH1106_CALL_HAL_I2C_Transmit	40	static
../Core/Src/sh1106.c:49:6:SH1106_Init	24	static
../Core/Src/sh1106.c:60:6:SH1106_Display_On	16	static
../Core/Src/sh1106.c:71:6:SH1106_Display_All_On	16	static
../Core/Src/sh1106.c:82:6:SH1106_Display_Off	16	static
../Core/Src/sh1106.c:90:6:SH1106_Display_Clear	152	static
../Core/Src/sh1106.c:106:6:SH1106_Set_Cursor	16	static
../Core/Src/sh1106.c:116:6:SH1106_Set_Page_Address	24	static
../Core/Src/sh1106.c:129:6:SH1106_Set_Column_Address	32	static
../Core/Src/sh1106.c:145:6:SH1106_Set_Page_And_Column_Address	16	static
../Core/Src/sh1106.c:156:6:SH1106_Transmit_DataByte	24	static
../Core/Src/sh1106.c:167:6:SH1106_Transmit_Command	24	static
../Core/Src/sh1106.c:177:6:SH1106_Transmit_Buffer	152	static
../Core/Src/sh1106.c:193:6:SH1106_Display_Character	24	static
../Core/Src/sh1106.c:207:6:SH1106_Print_Line	32	static
../Core/Src/sh1106.c:222:6:SH1106_Display_String	40	static
../Core/Src/sh1106.c:244:6:SH1106_Display_Text	88	dynamic
../Core/Src/sh1106.c:281:6:SH1106_Set_Pixel	32	static
../Core/Src/sh1106.c:303:6:SH1106_Draw_Line	40	static
